22 > 1.20000e+01
22 >= 1.20000e+01
1.20000e+01 < 22
1.20000e+01 <= 22
22 != 1.20000e+01
12 == 1.20000e+01
