a.x = 1
b.x = 2.00000e+00
c.x = 3
b2.x = 1
c2.x = 2.00000e+00
