8
5.60000e+00
6
4.60000e+00
7
5.60000e+00
7
4.66667e-01
7
9
7.60000e+00
-5
-3.60000e+00
7
5.60000e+00
7
2.14286e+00
1
