true && (5 < 10)
!(true && (10 < 10))
!(false && (5 < 10))
