(true && (4 == 5)) || false || (true == true)
!((true && (4 == 5)) || false || (true == false))
