(true && (5.5 < 10)) || (!true == !(true && false))
!((true && (15.5 < 10)) || (!true == !(true && false)))
