((x < y) == true ) && ((false != true ) || !(true != (x == y)))
