(a < b) && (a <= 7) && (a == 5) && (true == true) && (b > a) && (b >= 10) && (false != true) && (10 != 7))
