this is method f
this is method d
this is method m
1
