From parent m1()
From parent m2()
From child m1()
From parent m2()
From child m1()
From grand child m2()
