x in imported file: 1
x in imported file test.deca: 1
x + 1 in main = 2
hello world!
