1
This is from C
2
This is from C
3
This is from C
