1 != 2 || 1 > 1
1 >= 5 || 1 < 2
!(1 > 2 || 1 == 40)
!!(1 > 2 || 0 <= 2)
