2 < 3.5
2 < 3.50000e+00
3.50000e+00 != 2
2.0 >= 2
2 <= 2.0
