2 > 3 && 1 != 2 || 3 > 1
2 > 3 && (1 != 2 || 3 > 1) is false
1 != 2 && 2 < 3 || 3 < 1
1 != 2 || 2 == 3 && 3 < 1
(1 != 2 || 2 == 3) && 3 < 1 is false
1 == 2 || 2 < 3 && 3 > 1
