!(421 == 100) && !(421 < 421) && !(421 > 421)
421 == 421
!(4 == 100) && 4 < 421
