5.50000e+00
4.50000e+00
2.50000e+00
1.00000e+01
5.50000e+00
-4.50000e+00
2.50000e+00
1.00000e-01
6
4
5
5.00000e+00
10
-30
780
5.55556e-01
10
30
780
1.80000e+00
6.40000e+00
-5.40000e+00
2.95000e+00
8.47458e-02
6.10000e+00
-5.59550e+02
4.90827e+01
9.14885e-05
1.15000e+01
5.54150e+02
5.79176e+02
9.26300e+02
2
4
2
