0 < 1 + 1
0 >= 1 - 1
0 < 1 * 1
0 != 1 / 1
5 == 12 % 7
12 % 7 == 5
