-5
-5
-7.50000e+00
-7.50000e+00
1.25000e+01
1.25000e+01
-2.50000e+00
-2.50000e+00
-3.75000e+01
-3.75000e+01
-6.66667e-01
-6.66667e-01
2
2
-1.25000e+01
-1.25000e+01
-2.00000e+00
