-2147483648
2147483647
-2
0
-2147483648
2147483647
-2147483648
