0x1.c92492p-1
0x1.1eb852p+0
0x1.4p+2
0x1p-149
0x0p+0
