0x1p-149
0x1p-23
0x1p-22
0x1p-22
0x1p-1
0x1p+0
0x1p+0
0x1p+1
0x1p-24
0x1p-25
0x1p-26
0x1p-26
0x1p-27
0x1p+8
0x1p+104
0x1p-149
0x1p-149
0x1p-149
0x1p-23
0x1p-22
0x1p-22
0x1p-1
0x1p+0
0x1p+0
0x1p+1
0x1p-24
0x1p-25
0x1p-26
0x1p-26
0x1p-27
0x1p+8
0x1p+104
0x1p-149
0x1p-149
