wrong number
wrong number
wrong number
wrong number
wrong number
wrong number
wrong number
good number: 10
