Quel est mon nombre entre 0 et 1000 ?
Trop petit ! Autre proposition ?
Trop petit ! Autre proposition ?
Trop grand ! Autre proposition ?
Trop petit ! Autre proposition ?
Trop grand ! Autre proposition ?
Trop grand ! Autre proposition ?
Bravo...
